DEBUG:root:None
DEBUG:root:None
INFO:werkzeug: * Running on http://127.0.0.1:5000/ (Press CTRL+C to quit)
INFO:werkzeug: * Restarting with stat
WARNING:werkzeug: * Debugger is active!
INFO:werkzeug: * Debugger PIN: 146-948-477
INFO:werkzeug:127.0.0.1 - - [24/Dec/2017 00:19:39] "GET /api/test HTTP/1.1" 200 -
INFO:werkzeug: * Detected change in '/Users/WillMichael/Documents/git/FlaskFarmer/project/server/api/views.py', reloading
INFO:werkzeug: * Restarting with stat
WARNING:werkzeug: * Debugger is active!
INFO:werkzeug: * Debugger PIN: 146-948-477
INFO:werkzeug: * Detected change in '/Users/WillMichael/Documents/git/FlaskFarmer/project/server/api/views.py', reloading
INFO:werkzeug: * Restarting with stat
WARNING:werkzeug: * Debugger is active!
INFO:werkzeug: * Debugger PIN: 146-948-477
INFO:werkzeug: * Detected change in '/Users/WillMichael/Documents/git/FlaskFarmer/project/server/api/views.py', reloading
INFO:werkzeug: * Restarting with stat
WARNING:werkzeug: * Debugger is active!
INFO:werkzeug: * Debugger PIN: 146-948-477
INFO:werkzeug: * Detected change in '/Users/WillMichael/Documents/git/FlaskFarmer/project/server/api/views.py', reloading
INFO:werkzeug: * Restarting with stat
WARNING:werkzeug: * Debugger is active!
INFO:werkzeug: * Debugger PIN: 146-948-477
INFO:werkzeug: * Detected change in '/Users/WillMichael/Documents/git/FlaskFarmer/project/server/api/views.py', reloading
INFO:werkzeug: * Restarting with stat
WARNING:werkzeug: * Debugger is active!
INFO:werkzeug: * Debugger PIN: 146-948-477
INFO:werkzeug:127.0.0.1 - - [24/Dec/2017 00:24:30] "GET /api/get_file HTTP/1.1" 405 -
INFO:werkzeug:127.0.0.1 - - [24/Dec/2017 00:25:19] "POST /api/test HTTP/1.1" 405 -
INFO:werkzeug:127.0.0.1 - - [24/Dec/2017 00:25:26] "POST /api/get_file HTTP/1.1" 500 -
INFO:werkzeug: * Detected change in '/Users/WillMichael/Documents/git/FlaskFarmer/project/server/api/views.py', reloading
INFO:werkzeug: * Restarting with stat
WARNING:werkzeug: * Debugger is active!
INFO:werkzeug: * Debugger PIN: 146-948-477
INFO:werkzeug:127.0.0.1 - - [24/Dec/2017 00:32:01] "POST /api/get_file HTTP/1.1" 400 -
INFO:werkzeug: * Detected change in '/Users/WillMichael/Documents/git/FlaskFarmer/project/server/api/views.py', reloading
INFO:werkzeug: * Restarting with stat
WARNING:werkzeug: * Debugger is active!
INFO:werkzeug: * Debugger PIN: 146-948-477
INFO:werkzeug:127.0.0.1 - - [24/Dec/2017 00:32:22] "POST /api/get_file HTTP/1.1" 400 -
INFO:werkzeug: * Detected change in '/Users/WillMichael/Documents/git/FlaskFarmer/project/server/api/views.py', reloading
INFO:werkzeug: * Restarting with stat
WARNING:werkzeug: * Debugger is active!
INFO:werkzeug: * Debugger PIN: 146-948-477
INFO:werkzeug:127.0.0.1 - - [24/Dec/2017 00:34:22] "POST /api/get_file HTTP/1.1" 400 -
INFO:werkzeug:127.0.0.1 - - [24/Dec/2017 00:35:14] "POST /api/get_file HTTP/1.1" 400 -
INFO:werkzeug: * Detected change in '/Users/WillMichael/Documents/git/FlaskFarmer/project/server/api/views.py', reloading
INFO:werkzeug: * Restarting with stat
WARNING:werkzeug: * Debugger is active!
INFO:werkzeug: * Debugger PIN: 146-948-477
INFO:werkzeug:127.0.0.1 - - [24/Dec/2017 00:36:29] "POST /api/get_file HTTP/1.1" 400 -
INFO:werkzeug: * Detected change in '/Users/WillMichael/Documents/git/FlaskFarmer/project/server/api/views.py', reloading
INFO:werkzeug: * Restarting with stat
WARNING:werkzeug: * Debugger is active!
INFO:werkzeug: * Debugger PIN: 146-948-477
INFO:werkzeug: * Detected change in '/Users/WillMichael/Documents/git/FlaskFarmer/project/server/api/views.py', reloading
INFO:werkzeug: * Restarting with stat
WARNING:werkzeug: * Debugger is active!
INFO:werkzeug: * Debugger PIN: 146-948-477
INFO:werkzeug:127.0.0.1 - - [24/Dec/2017 00:37:07] "POST /api/get_file HTTP/1.1" 500 -
INFO:werkzeug:127.0.0.1 - - [24/Dec/2017 00:37:17] "POST /api/get_file HTTP/1.1" 500 -
INFO:werkzeug:127.0.0.1 - - [24/Dec/2017 00:38:14] "POST /api/get_file HTTP/1.1" 202 -
INFO:werkzeug:127.0.0.1 - - [24/Dec/2017 00:38:20] "POST /api/get_file HTTP/1.1" 202 -
INFO:werkzeug:127.0.0.1 - - [24/Dec/2017 00:38:29] "POST /api/get_file HTTP/1.1" 200 -
INFO:werkzeug: * Detected change in '/Users/WillMichael/Documents/git/FlaskFarmer/project/server/api/views.py', reloading
INFO:werkzeug: * Restarting with stat
WARNING:werkzeug: * Debugger is active!
INFO:werkzeug: * Debugger PIN: 146-948-477
INFO:werkzeug: * Detected change in '/Users/WillMichael/Documents/git/FlaskFarmer/project/server/api/views.py', reloading
INFO:werkzeug: * Restarting with stat
WARNING:werkzeug: * Debugger is active!
INFO:werkzeug: * Debugger PIN: 146-948-477
INFO:werkzeug: * Detected change in '/Users/WillMichael/Documents/git/FlaskFarmer/project/server/api/views.py', reloading
INFO:werkzeug: * Restarting with stat
WARNING:werkzeug: * Debugger is active!
INFO:werkzeug: * Debugger PIN: 146-948-477
INFO:werkzeug: * Detected change in '/Users/WillMichael/Documents/git/FlaskFarmer/project/server/api/views.py', reloading
INFO:werkzeug: * Restarting with stat
WARNING:werkzeug: * Debugger is active!
INFO:werkzeug: * Debugger PIN: 146-948-477
INFO:werkzeug: * Detected change in '/Users/WillMichael/Documents/git/FlaskFarmer/project/server/api/views.py', reloading
INFO:werkzeug: * Restarting with stat
WARNING:werkzeug: * Debugger is active!
INFO:werkzeug: * Debugger PIN: 146-948-477
INFO:werkzeug: * Detected change in '/Users/WillMichael/Documents/git/FlaskFarmer/project/server/api/views.py', reloading
INFO:werkzeug: * Restarting with stat
WARNING:werkzeug: * Debugger is active!
INFO:werkzeug: * Debugger PIN: 146-948-477
INFO:werkzeug:127.0.0.1 - - [24/Dec/2017 02:29:43] "POST /api/get_file HTTP/1.1" 200 -
INFO:werkzeug: * Detected change in '/Users/WillMichael/Documents/git/FlaskFarmer/project/server/api/views.py', reloading
INFO:werkzeug: * Restarting with stat
WARNING:werkzeug: * Debugger is active!
INFO:werkzeug: * Debugger PIN: 146-948-477
INFO:werkzeug:127.0.0.1 - - [24/Dec/2017 02:30:04] "POST /api/get_file HTTP/1.1" 401 -
INFO:werkzeug: * Detected change in '/Users/WillMichael/Documents/git/FlaskFarmer/project/server/api/views.py', reloading
INFO:werkzeug: * Restarting with stat
WARNING:werkzeug: * Debugger is active!
INFO:werkzeug: * Debugger PIN: 146-948-477
INFO:werkzeug:127.0.0.1 - - [24/Dec/2017 02:30:11] "POST /api/get_file HTTP/1.1" 200 -
INFO:werkzeug: * Detected change in '/Users/WillMichael/Documents/git/FlaskFarmer/project/server/api/views.py', reloading
INFO:werkzeug: * Restarting with stat
WARNING:werkzeug: * Debugger is active!
INFO:werkzeug: * Debugger PIN: 146-948-477
INFO:werkzeug: * Detected change in '/Users/WillMichael/Documents/git/FlaskFarmer/project/server/api/views.py', reloading
INFO:werkzeug: * Restarting with stat
WARNING:werkzeug: * Debugger is active!
INFO:werkzeug: * Debugger PIN: 146-948-477
INFO:werkzeug: * Detected change in '/Users/WillMichael/Documents/git/FlaskFarmer/project/server/api/views.py', reloading
INFO:werkzeug: * Restarting with stat
WARNING:werkzeug: * Debugger is active!
INFO:werkzeug: * Debugger PIN: 146-948-477
INFO:werkzeug: * Detected change in '/Users/WillMichael/Documents/git/FlaskFarmer/project/server/api/views.py', reloading
INFO:werkzeug: * Restarting with stat
WARNING:werkzeug: * Debugger is active!
INFO:werkzeug: * Debugger PIN: 146-948-477
INFO:werkzeug: * Detected change in '/Users/WillMichael/Documents/git/FlaskFarmer/project/server/api/views.py', reloading
INFO:werkzeug: * Restarting with stat
WARNING:werkzeug: * Debugger is active!
INFO:werkzeug: * Debugger PIN: 146-948-477
INFO:werkzeug: * Detected change in '/Users/WillMichael/Documents/git/FlaskFarmer/project/server/api/views.py', reloading
INFO:werkzeug: * Restarting with stat
WARNING:werkzeug: * Debugger is active!
INFO:werkzeug: * Debugger PIN: 146-948-477
INFO:werkzeug:127.0.0.1 - - [24/Dec/2017 02:32:22] "POST /api/get_file HTTP/1.1" 200 -
INFO:werkzeug:127.0.0.1 - - [24/Dec/2017 02:33:00] "POST /api/get_file HTTP/1.1" 200 -
INFO:werkzeug: * Detected change in '/Users/WillMichael/Documents/git/FlaskFarmer/project/server/api/views.py', reloading
INFO:werkzeug: * Restarting with stat
WARNING:werkzeug: * Debugger is active!
INFO:werkzeug: * Debugger PIN: 146-948-477
INFO:werkzeug: * Detected change in '/Users/WillMichael/Documents/git/FlaskFarmer/project/server/api/views.py', reloading
INFO:werkzeug: * Restarting with stat
WARNING:werkzeug: * Debugger is active!
INFO:werkzeug: * Debugger PIN: 146-948-477
INFO:werkzeug: * Detected change in '/Users/WillMichael/Documents/git/FlaskFarmer/project/server/api/views.py', reloading
INFO:werkzeug: * Restarting with stat
WARNING:werkzeug: * Debugger is active!
INFO:werkzeug: * Debugger PIN: 146-948-477
INFO:werkzeug: * Detected change in '/Users/WillMichael/Documents/git/FlaskFarmer/project/server/api/views.py', reloading
INFO:werkzeug: * Restarting with stat
WARNING:werkzeug: * Debugger is active!
INFO:werkzeug: * Debugger PIN: 146-948-477
